Archive member included to satisfy reference by file (symbol)

C:\Users\Marc-Antoine\Desktop\Session_Automne_2019\516_Processeurs_Embarques\MCUXpresso\lpc_board_nxp_lpcxpresso_1769\Debug\liblpc_board_nxp_lpcxpresso_1769.a(board.o)
                              ./src/DisP2.0.o (Board_LED_Set)
C:\Users\Marc-Antoine\Desktop\Session_Automne_2019\516_Processeurs_Embarques\MCUXpresso\lpc_chip_175x_6x\Debug\liblpc_chip_175x_6x.a(chip_17xx_40xx.o)
                              ./src/DisP2.0.o (SystemCoreClockUpdate)
C:\Users\Marc-Antoine\Desktop\Session_Automne_2019\516_Processeurs_Embarques\MCUXpresso\lpc_chip_175x_6x\Debug\liblpc_chip_175x_6x.a(clock_17xx_40xx.o)
                              C:\Users\Marc-Antoine\Desktop\Session_Automne_2019\516_Processeurs_Embarques\MCUXpresso\lpc_chip_175x_6x\Debug\liblpc_chip_175x_6x.a(chip_17xx_40xx.o) (Chip_Clock_EnablePLL)
C:\Users\Marc-Antoine\Desktop\Session_Automne_2019\516_Processeurs_Embarques\MCUXpresso\lpc_chip_175x_6x\Debug\liblpc_chip_175x_6x.a(i2s_17xx_40xx.o)
                              C:\Users\Marc-Antoine\Desktop\Session_Automne_2019\516_Processeurs_Embarques\MCUXpresso\lpc_board_nxp_lpcxpresso_1769\Debug\liblpc_board_nxp_lpcxpresso_1769.a(board.o) (Chip_I2S_Init)
C:\Users\Marc-Antoine\Desktop\Session_Automne_2019\516_Processeurs_Embarques\MCUXpresso\lpc_chip_175x_6x\Debug\liblpc_chip_175x_6x.a(iocon_17xx_40xx.o)
                              C:\Users\Marc-Antoine\Desktop\Session_Automne_2019\516_Processeurs_Embarques\MCUXpresso\lpc_board_nxp_lpcxpresso_1769\Debug\liblpc_board_nxp_lpcxpresso_1769.a(board.o) (Chip_IOCON_PinMux)
C:\Users\Marc-Antoine\Desktop\Session_Automne_2019\516_Processeurs_Embarques\MCUXpresso\lpc_chip_175x_6x\Debug\liblpc_chip_175x_6x.a(sysinit_17xx_40xx.o)
                              ./src/sysinit.o (Chip_SystemInit)
C:\Users\Marc-Antoine\Desktop\Session_Automne_2019\516_Processeurs_Embarques\MCUXpresso\lpc_chip_175x_6x\Debug\liblpc_chip_175x_6x.a(uart_17xx_40xx.o)
                              C:\Users\Marc-Antoine\Desktop\Session_Automne_2019\516_Processeurs_Embarques\MCUXpresso\lpc_board_nxp_lpcxpresso_1769\Debug\liblpc_board_nxp_lpcxpresso_1769.a(board.o) (Chip_UART_Init)
C:\Users\Marc-Antoine\Desktop\Session_Automne_2019\516_Processeurs_Embarques\MCUXpresso\lpc_chip_175x_6x\Debug\liblpc_chip_175x_6x.a(ring_buffer.o)
                              C:\Users\Marc-Antoine\Desktop\Session_Automne_2019\516_Processeurs_Embarques\MCUXpresso\lpc_chip_175x_6x\Debug\liblpc_chip_175x_6x.a(uart_17xx_40xx.o) (RingBuffer_Insert)
c:/nxp/mcuxpressoide_10.0.2_411/ide/tools/bin/../lib/gcc/arm-none-eabi/5.4.1/armv7-m\libgcc.a(_arm_addsubdf3.o)
                              ./src/MadgwickFilter.o (__aeabi_dadd)
c:/nxp/mcuxpressoide_10.0.2_411/ide/tools/bin/../lib/gcc/arm-none-eabi/5.4.1/armv7-m\libgcc.a(_arm_muldivdf3.o)
                              ./src/MadgwickFilter.o (__aeabi_dmul)
c:/nxp/mcuxpressoide_10.0.2_411/ide/tools/bin/../lib/gcc/arm-none-eabi/5.4.1/armv7-m\libgcc.a(_arm_truncdfsf2.o)
                              ./src/MadgwickFilter.o (__aeabi_d2f)
c:/nxp/mcuxpressoide_10.0.2_411/ide/tools/bin/../lib/gcc/arm-none-eabi/5.4.1/armv7-m\libgcc.a(_arm_addsubsf3.o)
                              ./src/MadgwickFilter.o (__aeabi_fsub)
c:/nxp/mcuxpressoide_10.0.2_411/ide/tools/bin/../lib/gcc/arm-none-eabi/5.4.1/armv7-m\libgcc.a(_arm_muldivsf3.o)
                              ./src/MadgwickFilter.o (__aeabi_fmul)
c:/nxp/mcuxpressoide_10.0.2_411/ide/tools/bin/../lib/gcc/arm-none-eabi/5.4.1/armv7-m\libgcc.a(_arm_cmpsf2.o)
                              ./src/MadgwickFilter.o (__aeabi_fcmpeq)
c:/nxp/mcuxpressoide_10.0.2_411/ide/tools/bin/../lib/gcc/arm-none-eabi/5.4.1/armv7-m\libgcc.a(_aeabi_uldivmod.o)
                              C:\Users\Marc-Antoine\Desktop\Session_Automne_2019\516_Processeurs_Embarques\MCUXpresso\lpc_chip_175x_6x\Debug\liblpc_chip_175x_6x.a(i2s_17xx_40xx.o) (__aeabi_uldivmod)
c:/nxp/mcuxpressoide_10.0.2_411/ide/tools/bin/../lib/gcc/arm-none-eabi/5.4.1/armv7-m\libgcc.a(_udivmoddi4.o)
                              c:/nxp/mcuxpressoide_10.0.2_411/ide/tools/bin/../lib/gcc/arm-none-eabi/5.4.1/armv7-m\libgcc.a(_aeabi_uldivmod.o) (__udivmoddi4)
c:/nxp/mcuxpressoide_10.0.2_411/ide/tools/bin/../lib/gcc/arm-none-eabi/5.4.1/armv7-m\libgcc.a(_dvmd_tls.o)
                              c:/nxp/mcuxpressoide_10.0.2_411/ide/tools/bin/../lib/gcc/arm-none-eabi/5.4.1/armv7-m\libgcc.a(_aeabi_uldivmod.o) (__aeabi_ldiv0)
c:/nxp/mcuxpressoide_10.0.2_411/ide/tools/bin/../lib/gcc/arm-none-eabi/5.4.1/../../../../arm-none-eabi/lib/armv7-m\libc.a(lib_a-init.o)
                              ./src/cr_startup_lpc175x_6x.o (__libc_init_array)
c:/nxp/mcuxpressoide_10.0.2_411/ide/tools/bin/../lib/gcc/arm-none-eabi/5.4.1/../../../../arm-none-eabi/lib/armv7-m\libc.a(lib_a-malloc.o)
                              ./src/cr_cpp_config.o (malloc)
[...]
Memory Configuration

Name             Origin             Length             Attributes
MFlash512        0x00000000         0x00080000         xr
RamLoc32         0x10000000         0x00008000         xrw
RamAHB32         0x2007c000         0x00008000         xrw
*default*        0x00000000         0xffffffff

Linker script and memory map

LOAD ./src/CAN.o
LOAD ./src/DisP.o
LOAD ./src/DisP2.0.o
LOAD ./src/HighResTimer.o
LOAD ./src/I2C.o
LOAD ./src/LCD.o
LOAD ./src/MPU9250.o
LOAD ./src/MadgwickFilter.o
LOAD ./src/PinsConfig.o
LOAD ./src/RTC.o
LOAD ./src/SPI.o
LOAD ./src/Timers.o
LOAD ./src/cr_cpp_config.o
LOAD ./src/cr_startup_lpc175x_6x.o
LOAD ./src/crp.o
LOAD ./src/interrupt.o
LOAD ./src/sysinit.o
LOAD C:\Users\Marc-Antoine\Desktop\Session_Automne_2019\516_Processeurs_Embarques\MCUXpresso\lpc_board_nxp_lpcxpresso_1769\Debug\liblpc_board_nxp_lpcxpresso_1769.a
LOAD C:\Users\Marc-Antoine\Desktop\Session_Automne_2019\516_Processeurs_Embarques\MCUXpresso\lpc_chip_175x_6x\Debug\liblpc_chip_175x_6x.a
START GROUP
LOAD c:/nxp/mcuxpressoide_10.0.2_411/ide/tools/bin/../lib/gcc/arm-none-eabi/5.4.1/armv7-m\libgcc.a
LOAD c:/nxp/mcuxpressoide_10.0.2_411/ide/tools/bin/../lib/gcc/arm-none-eabi/5.4.1/../../../../arm-none-eabi/lib/armv7-m\libc.a
LOAD c:/nxp/mcuxpressoide_10.0.2_411/ide/tools/bin/../lib/gcc/arm-none-eabi/5.4.1/../../../../arm-none-eabi/lib/armv7-m\libstdc++.a
LOAD c:/nxp/mcuxpressoide_10.0.2_411/ide/tools/bin/../lib/gcc/arm-none-eabi/5.4.1/../../../../arm-none-eabi/lib/armv7-m\libm.a
LOAD c:/nxp/mcuxpressoide_10.0.2_411/ide/tools/bin/../lib/gcc/arm-none-eabi/5.4.1/../../../../arm-none-eabi/lib/armv7-m\libcr_newlib_nohost.a
LOAD c:/nxp/mcuxpressoide_10.0.2_411/ide/tools/bin/../lib/gcc/arm-none-eabi/5.4.1/armv7-m\crti.o
LOAD c:/nxp/mcuxpressoide_10.0.2_411/ide/tools/bin/../lib/gcc/arm-none-eabi/5.4.1/armv7-m\crtn.o
LOAD c:/nxp/mcuxpressoide_10.0.2_411/ide/tools/bin/../lib/gcc/arm-none-eabi/5.4.1/armv7-m\crtbegin.o
LOAD c:/nxp/mcuxpressoide_10.0.2_411/ide/tools/bin/../lib/gcc/arm-none-eabi/5.4.1/armv7-m\crtend.o
END GROUP
                0x00000000                __base_MFlash512 = 0x0
                0x00000000                __base_Flash = 0x0
                0x00080000                __top_MFlash512 = 0x80000
                0x00080000                __top_Flash = 0x80000
                0x10000000                __base_RamLoc32 = 0x10000000
                0x10000000                __base_RAM = 0x10000000
                0x10008000                __top_RamLoc32 = 0x10008000
                0x10008000                __top_RAM = 0x10008000
                0x2007c000                __base_RamAHB32 = 0x2007c000
                0x2007c000                __base_RAM2 = 0x2007c000
                0x20084000                __top_RamAHB32 = 0x20084000
                0x20084000                __top_RAM2 = 0x20084000

.text           0x00000000     0xfb18
 FILL mask 0xff
                0x00000000                __vectors_start__ = ABSOLUTE (.)
 *(.isr_vector)
 .isr_vector    0x00000000       0xcc ./src/cr_startup_lpc175x_6x.o
                0x00000000                g_pfnVectors
                0x000000cc                . = ALIGN (0x4)
                0x000000cc                __section_table_start = .
                0x000000cc                __data_section_table = .
                0x000000cc        0x4 LONG 0xfb18 LOADADDR (.data)
                0x000000d0        0x4 LONG 0x10000000 ADDR (.data)
                0x000000d4        0x4 LONG 0x0 SIZEOF (.data)
                0x000000d8        0x4 LONG 0xfb18 LOADADDR (.data_RAM2)
                0x000000dc        0x4 LONG 0x2007c000 ADDR (.data_RAM2)
                0x000000e0        0x4 LONG 0x0 SIZEOF (.data_RAM2)
                0x000000e4                __data_section_table_end = .
                0x000000e4                __bss_section_table = .
                0x000000e4        0x4 LONG 0x10000000 ADDR (.bss)
                0x000000e8        0x4 LONG 0x2c SIZEOF (.bss)
                0x000000ec        0x4 LONG 0x2007c000 ADDR (.bss_RAM2)
                0x000000f0        0x4 LONG 0x0 SIZEOF (.bss_RAM2)
                0x000000f4                __bss_section_table_end = .
                0x000000f4                __section_table_end = .
 *(.after_vectors*)
 .after_vectors
                0x000000f4      0x148 ./src/cr_startup_lpc175x_6x.o
                0x000000f4                data_init(unsigned int, unsigned int, unsigned int)
                0x00000138                bss_init(unsigned int, unsigned int)
                0x00000170                ResetISR
                0x000001ec                NMI_Handler
                0x000001f4                HardFault_Handler
                0x000001fc                MemManage_Handler
                0x00000204                BusFault_Handler
                0x0000020c                UsageFault_Handler
                0x00000214                SVC_Handler
                0x0000021c                DebugMon_Handler
                0x00000224                PendSV_Handler
                0x0000022c                SysTick_Handler
                0x00000234                UART1_IRQHandler
                0x00000234                EINT3_IRQHandler
                0x00000234                CANActivity_IRQHandler
                0x00000234                TIMER3_IRQHandler
                0x00000234                EINT2_IRQHandler
                0x00000234                USBActivity_IRQHandler
                0x00000234                IntDefaultHandler
                0x00000234                PLL0_IRQHandler
                0x00000234                CAN_IRQHandler
                0x00000234                PLL1_IRQHandler
                0x00000234                UART0_IRQHandler
                0x00000234                I2S_IRQHandler
                0x00000234                I2C2_IRQHandler
                0x00000234                RTC_IRQHandler
                0x00000234                TIMER0_IRQHandler
                0x00000234                SPI_IRQHandler
                0x00000234                EINT1_IRQHandler
                0x00000234                TIMER1_IRQHandler
                0x00000234                UART2_IRQHandler
                0x00000234                ADC_IRQHandler
                0x00000234                SSP1_IRQHandler
                0x00000234                I2C0_IRQHandler
                0x00000234                USB_IRQHandler
                0x00000234                BOD_IRQHandler
                0x00000234                RIT_IRQHandler
                0x00000234                I2C1_IRQHandler
                0x00000234                WDT_IRQHandler
                0x00000234                PWM1_IRQHandler
                0x00000234                QEI_IRQHandler
                0x00000234                EINT0_IRQHandler
                0x00000234                ETH_IRQHandler
                0x00000234                SSP0_IRQHandler
                0x00000234                DMA_IRQHandler
                0x00000234                TIMER2_IRQHandler
                0x00000234                UART3_IRQHandler
                0x00000234                MCPWM_IRQHandler
                0x000002fc                . = 0x2fc
 *fill*         0x0000023c       0xc0 ff
                0x000002fc                PROVIDE (__CRP_WORD_START__, .)
 *(.crp)
 .crp           0x000002fc        0x4 ./src/crp.o
                0x000002fc                CRP_WORD
                0x00000300                PROVIDE (__CRP_WORD_END__, .)
                0x00000001                ASSERT (! ((__CRP_WORD_START__ == __CRP_WORD_END__)), Linker CRP Enabled, but no CRP_WORD provided within application)
 *(.text*)
 .text._Z9DisP_Initv
                0x00000300      0x248 ./src/DisP.o
                0x00000300                DisP_Init()
 .text._Z9Disp_RPM2t
                0x00000548      0x31c ./src/DisP.o
                0x00000548                Disp_RPM2(unsigned short)
 .text._Z2wrm   0x00000864       0x8c ./src/DisP.o
                0x00000864                wr(unsigned long)
 .text._Z5endwrv
                0x000008f0       0x1c ./src/DisP.o
                0x000008f0                endwr()
 .text._Z2rdm   0x0000090c       0xc0 ./src/DisP.o
                0x0000090c                rd(unsigned long)
 .text._Z3wr8h  0x000009cc       0x38 ./src/DisP.o
                0x000009cc                wr8(unsigned char)
 .text._Z6memwr8mm
                0x00000a04       0x28 ./src/DisP.o
                0x00000a04                memwr8(unsigned long, unsigned long)
 .text._Z3rd8m  0x00000a2c       0x30 ./src/DisP.o
                0x00000a2c                rd8(unsigned long)
 .text._Z4wr16j
                0x00000a5c       0x58 ./src/DisP.o
                0x00000a5c                wr16(unsigned int)
 .text._Z7memwr16mm
                0x00000ab4       0x24 ./src/DisP.o
                0x00000ab4                memwr16(unsigned long, unsigned long)
 .text._Z4rd16m
                0x00000ad8       0x5c ./src/DisP.o
                0x00000ad8                rd16(unsigned long)
 .text._Z4wr32m
                0x00000b34       0x98 ./src/DisP.o
                0x00000b34                wr32(unsigned long)
 .text._Z7memwr32mm
                0x00000bcc       0x24 ./src/DisP.o
                0x00000bcc                memwr32(unsigned long, unsigned long)
 .text._Z4rd32m
                0x00000bf0       0xac ./src/DisP.o
                0x00000bf0                rd32(unsigned long)
 .text._Z3cmdm  0x00000c9c       0x2c ./src/DisP.o
                0x00000c9c                cmd(unsigned long)
 .text._Z12host_commandhh
                0x00000cc8       0x88 ./src/DisP.o
                0x00000cc8                host_command(unsigned char, unsigned char)
 .text._Z14WriteDataToCMDPKhm
                0x00000d50      0x160 ./src/DisP.o
                0x00000d50                WriteDataToCMD(unsigned char const*, unsigned long)
 .text._Z10SendStringPKc
                0x00000eb0       0xb4 ./src/DisP.o
                0x00000eb0                SendString(char const*)
 .text._Z14CheckFreeSpacet
                0x00000f64       0x40 ./src/DisP.o
                0x00000f64                CheckFreeSpace(unsigned short)
 .text._Z12InflateImagev
                0x00000fa4      0x164 ./src/DisP.o
                0x00000fa4                InflateImage()
 .text._Z14BeginCoProListv
                0x00001108       0x20 ./src/DisP.o
                0x00001108                BeginCoProList()
 .text._Z12EndCoProListv
                0x00001128       0x20 ./src/DisP.o
                0x00001128                EndCoProList()
 .text._Z16WaitCmdFifoEmptyv
                0x00001148       0x3c ./src/DisP.o
                0x00001148                WaitCmdFifoEmpty()
 .text._Z22GetCurrentWritePointerv
                0x00001184       0x1c ./src/DisP.o
                0x00001184                GetCurrentWritePointer()
 .text._Z15AwaitCoProEmptyv
                0x000011a0       0x1c ./src/DisP.o
                0x000011a0                AwaitCoProEmpty()
 .text._Z12IncCMDOffsetjj
                0x000011bc       0x30 ./src/DisP.o
                0x000011bc                IncCMDOffset(unsigned int, unsigned int)
 .text._Z5BEGIN4Prim
                0x000011ec       0x1c ./src/DisP.o
                0x000011ec                BEGIN(Prim)
 .text._Z13BITMAP_HANDLEh
                0x00001208       0x1c ./src/DisP.o
                0x00001208                BITMAP_HANDLE(unsigned char)
 .text._Z13BITMAP_LAYOUT6formatjj
                0x00001224       0x2c ./src/DisP.o
                0x00001224                BITMAP_LAYOUT(format, unsigned int, unsigned int)
 .text._Z15BITMAP_LAYOUT_Hhh
                0x00001250       0x28 ./src/DisP.o
                0x00001250                BITMAP_LAYOUT_H(unsigned char, unsigned char)
 .text._Z11BITMAP_SIZE6filter4wrapS0_jj
                0x00001278       0x40 ./src/DisP.o
                0x00001278                BITMAP_SIZE(filter, wrap, wrap, unsigned int, unsigned int)
 .text._Z13BITMAP_SIZE_Hhh
                0x000012b8       0x28 ./src/DisP.o
                0x000012b8                BITMAP_SIZE_H(unsigned char, unsigned char)
 .text._Z13BITMAP_SOURCEm
                0x000012e0       0x18 ./src/DisP.o
                0x000012e0                BITMAP_SOURCE(unsigned long)
 .text._Z5CLEARbbb
                0x000012f8       0x30 ./src/DisP.o
                0x000012f8                CLEAR(bool, bool, bool)
 .text._Z15CLEAR_COLOR_RGBhhh
                0x00001328       0x30 ./src/DisP.o
                0x00001328                CLEAR_COLOR_RGB(unsigned char, unsigned char, unsigned char)
 .text._Z9COLOR_RGBhhh
                0x00001358       0x30 ./src/DisP.o
                0x00001358                COLOR_RGB(unsigned char, unsigned char, unsigned char)
 .text._Z7DISPLAYv
                0x00001388       0x10 ./src/DisP.o
                0x00001388                DISPLAY()
 .text._Z3ENDv  0x00001398       0x10 ./src/DisP.o
                0x00001398                END()
 .text._Z9VERTEX2IIjjhh
                0x000013a8       0x38 ./src/DisP.o
                0x000013a8                VERTEX2II(unsigned int, unsigned int, unsigned char, unsigned char)
 .text._Z11cmd_dlstartv
                0x000013e0       0x28 ./src/DisP.o
                0x000013e0                cmd_dlstart()
 .text._Z8cmd_swapv
                0x00001408       0x28 ./src/DisP.o
                0x00001408                cmd_swap()
 .text._Z11cmd_inflatem
                0x00001430       0x34 ./src/DisP.o
                0x00001430                cmd_inflate(unsigned long)
 .text._Z9cmd_gaugesss6Optiontttt
                0x00001464       0x88 ./src/DisP.o
                0x00001464                cmd_gauge(short, short, short, Option, unsigned short, unsigned short, unsigned short, unsigned short)
 .text._Z8cmd_textsss6OptionPKc
                0x000014ec       0x8c ./src/DisP.o
                0x000014ec                cmd_text(short, short, short, Option, char const*)
 .text._Z10cmd_numbersss6Optionl
                0x00001578       0x74 ./src/DisP.o
                0x00001578                cmd_number(short, short, short, Option, long)
 .text._Z10cmd_getptrm
                0x000015ec       0x34 ./src/DisP.o
                0x000015ec                cmd_getptr(unsigned long)
 .text.main     0x00001620       0x60 ./src/DisP2.0.o
                0x00001620                main
 .text._Z8Init_I2Cv
                0x00001680       0x5c ./src/I2C.o
                0x00001680                Init_I2C()
 .text._Z9Init_Pinsv
                0x000016dc      0x3c4 ./src/PinsConfig.o
                0x000016dc                Init_Pins()
 .text._Z8Init_SPIv
                0x00001aa0       0x50 ./src/SPI.o
                0x00001aa0                Init_SPI()
 .text._Z5Sleepm
                0x00001af0       0x78 ./src/Timers.o
                0x00001af0                Sleep(unsigned long)
 .text._Z10ST_TIMEOUTm
                0x00001b68       0x24 ./src/Timers.o
                0x00001b68                ST_TIMEOUT(unsigned long)
 .text._Z7Init_STv
                0x00001b8c       0x24 ./src/Timers.o
                0x00001b8c                Init_ST()
 .text._Z15Init_Interruptsv
                0x00001bb0        0xc ./src/interrupt.o
                0x00001bb0                Init_Interrupts()
 .text.SystemInit
                0x00001bbc       0x24 ./src/sysinit.o
                0x00001bbc                SystemInit
 .text.Chip_IOCON_Init
                0x00001be0       0x18 C:\Users\Marc-Antoine\Desktop\Session_Automne_2019\516_Processeurs_Embarques\MCUXpresso\lpc_board_nxp_lpcxpresso_1769\Debug\liblpc_board_nxp_lpcxpresso_1769.a(board.o)
 .text.Chip_GPIO_Init
                0x00001bf8       0x18 C:\Users\Marc-Antoine\Desktop\Session_Automne_2019\516_Processeurs_Embarques\MCUXpresso\lpc_board_nxp_lpcxpresso_1769\Debug\liblpc_board_nxp_lpcxpresso_1769.a(board.o)
 .text.Chip_GPIO_SetPinState
                0x00001c10       0x68 C:\Users\Marc-Antoine\Desktop\Session_Automne_2019\516_Processeurs_Embarques\MCUXpresso\lpc_board_nxp_lpcxpresso_1769\Debug\liblpc_board_nxp_lpcxpresso_1769.a(board.o)
 .text.Chip_GPIO_WritePortBit
                0x00001c78       0x2c C:\Users\Marc-Antoine\Desktop\Session_Automne_2019\516_Processeurs_Embarques\MCUXpresso\lpc_board_nxp_lpcxpresso_1769\Debug\liblpc_board_nxp_lpcxpresso_1769.a(board.o)
 .text.Chip_GPIO_SetPinDIROutput
                0x00001ca4       0x38 C:\Users\Marc-Antoine\Desktop\Session_Automne_2019\516_Processeurs_Embarques\MCUXpresso\lpc_board_nxp_lpcxpresso_1769\Debug\liblpc_board_nxp_lpcxpresso_1769.a(board.o)
 .text.Chip_GPIO_SetPinDIRInput
                0x00001cdc       0x3c C:\Users\Marc-Antoine\Desktop\Session_Automne_2019\516_Processeurs_Embarques\MCUXpresso\lpc_board_nxp_lpcxpresso_1769\Debug\liblpc_board_nxp_lpcxpresso_1769.a(board.o)
 .text.Chip_GPIO_SetPinDIR
                0x00001d18       0x44 C:\Users\Marc-Antoine\Desktop\Session_Automne_2019\516_Processeurs_Embarques\MCUXpresso\lpc_board_nxp_lpcxpresso_1769\Debug\liblpc_board_nxp_lpcxpresso_1769.a(board.o)
 .text.Chip_GPIO_WriteDirBit
                0x00001d5c       0x30 C:\Users\Marc-Antoine\Desktop\Session_Automne_2019\516_Processeurs_Embarques\MCUXpresso\lpc_board_nxp_lpcxpresso_1769\Debug\liblpc_board_nxp_lpcxpresso_1769.a(board.o)
 .text.Chip_UART_ConfigData
                0x00001d8c       0x1c C:\Users\Marc-Antoine\Desktop\Session_Automne_2019\516_Processeurs_Embarques\MCUXpresso\lpc_board_nxp_lpcxpresso_1769\Debug\liblpc_board_nxp_lpcxpresso_1769.a(board.o)
 .text.Board_LED_Init
                0x00001da8       0x18 C:\Users\Marc-Antoine\Desktop\Session_Automne_2019\516_Processeurs_Embarques\MCUXpresso\lpc_board_nxp_lpcxpresso_1769\Debug\liblpc_board_nxp_lpcxpresso_1769.a(board.o)
 .text.Board_UART_Init
                0x00001dc0       0x14 C:\Users\Marc-Antoine\Desktop\Session_Automne_2019\516_Processeurs_Embarques\MCUXpresso\lpc_board_nxp_lpcxpresso_1769\Debug\liblpc_board_nxp_lpcxpresso_1769.a(board.o)
                0x00001dc0                Board_UART_Init
 .text.Board_Debug_Init
                0x00001dd4       0x30 C:\Users\Marc-Antoine\Desktop\Session_Automne_2019\516_Processeurs_Embarques\MCUXpresso\lpc_board_nxp_lpcxpresso_1769\Debug\liblpc_board_nxp_lpcxpresso_1769.a(board.o)
                0x00001dd4                Board_Debug_Init
 .text.Board_LED_Set
                0x00001e04       0x30 C:\Users\Marc-Antoine\Desktop\Session_Automne_2019\516_Processeurs_Embarques\MCUXpresso\lpc_board_nxp_lpcxpresso_1769\Debug\liblpc_board_nxp_lpcxpresso_1769.a(board.o)
                0x00001e04                Board_LED_Set
 .text.Board_Init
                0x00001e34       0x24 C:\Users\Marc-Antoine\Desktop\Session_Automne_2019\516_Processeurs_Embarques\MCUXpresso\lpc_board_nxp_lpcxpresso_1769\Debug\liblpc_board_nxp_lpcxpresso_1769.a(board.o)
                0x00001e34                Board_Init
 .text.SystemCoreClockUpdate
                0x00001e58       0x18 C:\Users\Marc-Antoine\Desktop\Session_Automne_2019\516_Processeurs_Embarques\MCUXpresso\lpc_chip_175x_6x\Debug\liblpc_chip_175x_6x.a(chip_17xx_40xx.o)
                0x00001e58                SystemCoreClockUpdate
 .text.Chip_Clock_IsMainPLLEnabled
                0x00001e70       0x24 C:\Users\Marc-Antoine\Desktop\Session_Automne_2019\516_Processeurs_Embarques\MCUXpresso\lpc_chip_175x_6x\Debug\liblpc_chip_175x_6x.a(clock_17xx_40xx.o)
 .text.Chip_Clock_IsMainPLLConnected
                0x00001e94       0x24 C:\Users\Marc-Antoine\Desktop\Session_Automne_2019\516_Processeurs_Embarques\MCUXpresso\lpc_chip_175x_6x\Debug\liblpc_chip_175x_6x.a(clock_17xx_40xx.o)
 .text.Chip_Clock_FeedPLL
                0x00001eb8       0x34 C:\Users\Marc-Antoine\Desktop\Session_Automne_2019\516_Processeurs_Embarques\MCUXpresso\lpc_chip_175x_6x\Debug\liblpc_chip_175x_6x.a(clock_17xx_40xx.o)
 .text.Chip_Clock_GetMainPLLSource
                0x00001eec       0x20 C:\Users\Marc-Antoine\Desktop\Session_Automne_2019\516_Processeurs_Embarques\MCUXpresso\lpc_chip_175x_6x\Debug\liblpc_chip_175x_6x.a(clock_17xx_40xx.o)
 .text.Chip_Clock_GetMainOscRate
                0x00001f0c       0x14 C:\Users\Marc-Antoine\Desktop\Session_Automne_2019\516_Processeurs_Embarques\MCUXpresso\lpc_chip_175x_6x\Debug\liblpc_chip_175x_6x.a(clock_17xx_40xx.o)
 .text.Chip_Clock_GetIntOscRate
                0x00001f20       0x14 C:\Users\Marc-Antoine\Desktop\Session_Automne_2019\516_Processeurs_Embarques\MCUXpresso\lpc_chip_175x_6x\Debug\liblpc_chip_175x_6x.a(clock_17xx_40xx.o)
 .text.Chip_Clock_GetRTCOscRate
                0x00001f34       0x14 C:\Users\Marc-Antoine\Desktop\Session_Automne_2019\516_Processeurs_Embarques\MCUXpresso\lpc_chip_175x_6x\Debug\liblpc_chip_175x_6x.a(clock_17xx_40xx.o)
 .text.Chip_Clock_GetMainPLLInClockRate
                0x00001f48       0x10 C:\Users\Marc-Antoine\Desktop\Session_Automne_2019\516_Processeurs_Embarques\MCUXpresso\lpc_chip_175x_6x\Debug\liblpc_chip_175x_6x.a(clock_17xx_40xx.o)
 .text.Chip_Clock_EnablePLL
                0x00001f58       0x44 C:\Users\Marc-Antoine\Desktop\Session_Automne_2019\516_Processeurs_Embarques\MCUXpresso\lpc_chip_175x_6x\Debug\liblpc_chip_175x_6x.a(clock_17xx_40xx.o)
                0x00001f58                Chip_Clock_EnablePLL
 .text.Chip_Clock_DisablePLL
                0x00001f9c       0x48 C:\Users\Marc-Antoine\Desktop\Session_Automne_2019\516_Processeurs_Embarques\MCUXpresso\lpc_chip_175x_6x\Debug\liblpc_chip_175x_6x.a(clock_17xx_40xx.o)
                0x00001f9c                Chip_Clock_DisablePLL
 .text.Chip_Clock_SetupPLL
                0x00001fe4       0x5c C:\Users\Marc-Antoine\Desktop\Session_Automne_2019\516_Processeurs_Embarques\MCUXpresso\lpc_chip_175x_6x\Debug\liblpc_chip_175x_6x.a(clock_17xx_40xx.o)
                0x00001fe4                Chip_Clock_SetupPLL
 .text.Chip_Clock_EnablePeriphClock
                0x00002040       0x34 C:\Users\Marc-Antoine\Desktop\Session_Automne_2019\516_Processeurs_Embarques\MCUXpresso\lpc_chip_175x_6x\Debug\liblpc_chip_175x_6x.a(clock_17xx_40xx.o)
                0x00002040                Chip_Clock_EnablePeriphClock
 .text.Chip_Clock_GetCPUClockSource
                0x00002074       0x24 C:\Users\Marc-Antoine\Desktop\Session_Automne_2019\516_Processeurs_Embarques\MCUXpresso\lpc_chip_175x_6x\Debug\liblpc_chip_175x_6x.a(clock_17xx_40xx.o)
                0x00002074                Chip_Clock_GetCPUClockSource
 .text.Chip_Clock_SetCPUClockDiv
                0x00002098       0x20 C:\Users\Marc-Antoine\Desktop\Session_Automne_2019\516_Processeurs_Embarques\MCUXpresso\lpc_chip_175x_6x\Debug\liblpc_chip_175x_6x.a(clock_17xx_40xx.o)
                0x00002098                Chip_Clock_SetCPUClockDiv
 .text.Chip_Clock_GetCPUClockDiv
                0x000020b8       0x1c C:\Users\Marc-Antoine\Desktop\Session_Automne_2019\516_Processeurs_Embarques\MCUXpresso\lpc_chip_175x_6x\Debug\liblpc_chip_175x_6x.a(clock_17xx_40xx.o)
                0x000020b8                Chip_Clock_GetCPUClockDiv
 .text.Chip_Clock_GetPCLKDiv
                0x000020d4       0x8c C:\Users\Marc-Antoine\Desktop\Session_Automne_2019\516_Processeurs_Embarques\MCUXpresso\lpc_chip_175x_6x\Debug\liblpc_chip_175x_6x.a(clock_17xx_40xx.o)
                0x000020d4                Chip_Clock_GetPCLKDiv
 .text.Chip_Clock_GetSYSCLKRate
                0x00002160       0x34 C:\Users\Marc-Antoine\Desktop\Session_Automne_2019\516_Processeurs_Embarques\MCUXpresso\lpc_chip_175x_6x\Debug\liblpc_chip_175x_6x.a(clock_17xx_40xx.o)
                0x00002160                Chip_Clock_GetSYSCLKRate
 .text.Chip_Clock_GetMainPLLOutClockRate
                0x00002194       0x54 C:\Users\Marc-Antoine\Desktop\Session_Automne_2019\516_Processeurs_Embarques\MCUXpresso\lpc_chip_175x_6x\Debug\liblpc_chip_175x_6x.a(clock_17xx_40xx.o)
                0x00002194                Chip_Clock_GetMainPLLOutClockRate
 .text.Chip_Clock_GetMainClockRate
                0x000021e8       0x28 C:\Users\Marc-Antoine\Desktop\Session_Automne_2019\516_Processeurs_Embarques\MCUXpresso\lpc_chip_175x_6x\Debug\liblpc_chip_175x_6x.a(clock_17xx_40xx.o)
                0x000021e8                Chip_Clock_GetMainClockRate
 .text.Chip_Clock_GetSystemClockRate
                0x00002210       0x18 C:\Users\Marc-Antoine\Desktop\Session_Automne_2019\516_Processeurs_Embarques\MCUXpresso\lpc_chip_175x_6x\Debug\liblpc_chip_175x_6x.a(clock_17xx_40xx.o)
                0x00002210                Chip_Clock_GetSystemClockRate
 .text.Chip_Clock_GetPeripheralClockRate
                0x00002228       0x28 C:\Users\Marc-Antoine\Desktop\Session_Automne_2019\516_Processeurs_Embarques\MCUXpresso\lpc_chip_175x_6x\Debug\liblpc_chip_175x_6x.a(clock_17xx_40xx.o)
                0x00002228                Chip_Clock_GetPeripheralClockRate
 .text.Chip_Clock_IsMainPLLEnabled
                0x00002250       0x24 C:\Users\Marc-Antoine\Desktop\Session_Automne_2019\516_Processeurs_Embarques\MCUXpresso\lpc_chip_175x_6x\Debug\liblpc_chip_175x_6x.a(sysinit_17xx_40xx.o)
 .text.Chip_Clock_IsMainPLLLocked
                0x00002274       0x24 C:\Users\Marc-Antoine\Desktop\Session_Automne_2019\516_Processeurs_Embarques\MCUXpresso\lpc_chip_175x_6x\Debug\liblpc_chip_175x_6x.a(sysinit_17xx_40xx.o)
 .text.Chip_Clock_IsMainPLLConnected
                0x00002298       0x24 C:\Users\Marc-Antoine\Desktop\Session_Automne_2019\516_Processeurs_Embarques\MCUXpresso\lpc_chip_175x_6x\Debug\liblpc_chip_175x_6x.a(sysinit_17xx_40xx.o)
 .text.Chip_Clock_SetMainPLLSource
                0x000022bc       0x20 C:\Users\Marc-Antoine\Desktop\Session_Automne_2019\516_Processeurs_Embarques\MCUXpresso\lpc_chip_175x_6x\Debug\liblpc_chip_175x_6x.a(sysinit_17xx_40xx.o)
 .text.Chip_SetupIrcClocking
                0x000022dc       0x6c C:\Users\Marc-Antoine\Desktop\Session_Automne_2019\516_Processeurs_Embarques\MCUXpresso\lpc_chip_175x_6x\Debug\liblpc_chip_175x_6x.a(sysinit_17xx_40xx.o)
                0x000022dc                Chip_SetupIrcClocking
 .text.Chip_SystemInit
                0x00002348        0xc C:\Users\Marc-Antoine\Desktop\Session_Automne_2019\516_Processeurs_Embarques\MCUXpresso\lpc_chip_175x_6x\Debug\liblpc_chip_175x_6x.a(sysinit_17xx_40xx.o)
                0x00002348                Chip_SystemInit
 .text.Chip_UART_SetupFIFOS
                0x00002354       0x1c C:\Users\Marc-Antoine\Desktop\Session_Automne_2019\516_Processeurs_Embarques\MCUXpresso\lpc_chip_175x_6x\Debug\liblpc_chip_175x_6x.a(uart_17xx_40xx.o)
 .text.Chip_UART_ConfigData
                0x00002370       0x1c C:\Users\Marc-Antoine\Desktop\Session_Automne_2019\516_Processeurs_Embarques\MCUXpresso\lpc_chip_175x_6x\Debug\liblpc_chip_175x_6x.a(uart_17xx_40xx.o)
 .text.Chip_UART_EnableDivisorAccess
                0x0000238c       0x20 C:\Users\Marc-Antoine\Desktop\Session_Automne_2019\516_Processeurs_Embarques\MCUXpresso\lpc_chip_175x_6x\Debug\liblpc_chip_175x_6x.a(uart_17xx_40xx.o)
 .text.Chip_UART_DisableDivisorAccess
                0x000023ac       0x20 C:\Users\Marc-Antoine\Desktop\Session_Automne_2019\516_Processeurs_Embarques\MCUXpresso\lpc_chip_175x_6x\Debug\liblpc_chip_175x_6x.a(uart_17xx_40xx.o)
 .text.Chip_UART_SetDivisorLatches
                0x000023cc       0x28 C:\Users\Marc-Antoine\Desktop\Session_Automne_2019\516_Processeurs_Embarques\MCUXpresso\lpc_chip_175x_6x\Debug\liblpc_chip_175x_6x.a(uart_17xx_40xx.o)
 .text.Chip_UART_GetClockIndex
                0x000023f4       0x50 C:\Users\Marc-Antoine\Desktop\Session_Automne_2019\516_Processeurs_Embarques\MCUXpresso\lpc_chip_175x_6x\Debug\liblpc_chip_175x_6x.a(uart_17xx_40xx.o)
 .text.Chip_UART_GetClkIndex
                0x00002444       0x50 C:\Users\Marc-Antoine\Desktop\Session_Automne_2019\516_Processeurs_Embarques\MCUXpresso\lpc_chip_175x_6x\Debug\liblpc_chip_175x_6x.a(uart_17xx_40xx.o)
 .text.Chip_UART_Init
                0x00002494       0x78 C:\Users\Marc-Antoine\Desktop\Session_Automne_2019\516_Processeurs_Embarques\MCUXpresso\lpc_chip_175x_6x\Debug\liblpc_chip_175x_6x.a(uart_17xx_40xx.o)
                0x00002494                Chip_UART_Init
 .text.Chip_UART_TXEnable
                0x0000250c       0x18 C:\Users\Marc-Antoine\Desktop\Session_Automne_2019\516_Processeurs_Embarques\MCUXpresso\lpc_chip_175x_6x\Debug\liblpc_chip_175x_6x.a(uart_17xx_40xx.o)
                0x0000250c                Chip_UART_TXEnable
 .text.Chip_UART_TXDisable
                0x00002524       0x18 C:\Users\Marc-Antoine\Desktop\Session_Automne_2019\516_Processeurs_Embarques\MCUXpresso\lpc_chip_175x_6x\Debug\liblpc_chip_175x_6x.a(uart_17xx_40xx.o)
                0x00002524                Chip_UART_TXDisable
 .text.Chip_UART_SetBaud
                0x0000253c       0x64 C:\Users\Marc-Antoine\Desktop\Session_Automne_2019\516_Processeurs_Embarques\MCUXpresso\lpc_chip_175x_6x\Debug\liblpc_chip_175x_6x.a(uart_17xx_40xx.o)
                0x0000253c                Chip_UART_SetBaud
 .text.__libc_init_array
                0x000025a0       0x50 c:/nxp/mcuxpressoide_10.0.2_411/ide/tools/bin/../lib/gcc/arm-none-eabi/5.4.1/../../../../arm-none-eabi/lib/armv7-m\libc.a(lib_a-init.o)
                0x000025a0                __libc_init_array
 .text.strlen   0x000025f0       0x5c c:/nxp/mcuxpressoide_10.0.2_411/ide/tools/bin/../lib/gcc/arm-none-eabi/5.4.1/../../../../arm-none-eabi/lib/armv7-m\libc.a(lib_a-strlen-stub.o)
                0x000025f0                strlen
 .text          0x0000264c       0x5c c:/nxp/mcuxpressoide_10.0.2_411/ide/tools/bin/../lib/gcc/arm-none-eabi/5.4.1/armv7-m\crtbegin.o
 *(.rodata .rodata.* .constdata .constdata.*)
 .rodata._ZL9Disp_Back
                0x000026a8     0xd411 ./src/DisP.o
 *fill*         0x0000fab9        0x3 ff
 .rodata        0x0000fabc       0x38 ./src/DisP.o
 .rodata.OscRateIn
                0x0000faf4        0x4 C:\Users\Marc-Antoine\Desktop\Session_Automne_2019\516_Processeurs_Embarques\MCUXpresso\lpc_board_nxp_lpcxpresso_1769\Debug\liblpc_board_nxp_lpcxpresso_1769.a(board.o)
                0x0000faf4                OscRateIn
 .rodata.RTCOscRateIn
                0x0000faf8        0x4 C:\Users\Marc-Antoine\Desktop\Session_Automne_2019\516_Processeurs_Embarques\MCUXpresso\lpc_board_nxp_lpcxpresso_1769\Debug\liblpc_board_nxp_lpcxpresso_1769.a(board.o)
                0x0000faf8                RTCOscRateIn
                0x0000fafc                . = ALIGN (0x4)
                0x0000fafc                . = ALIGN (0x4)
 *(.init)
 .init          0x0000fafc        0x4 c:/nxp/mcuxpressoide_10.0.2_411/ide/tools/bin/../lib/gcc/arm-none-eabi/5.4.1/armv7-m\crti.o
                0x0000fafc                _init
 .init          0x0000fb00        0x8 c:/nxp/mcuxpressoide_10.0.2_411/ide/tools/bin/../lib/gcc/arm-none-eabi/5.4.1/armv7-m\crtn.o
                0x0000fb08                . = ALIGN (0x4)
                0x0000fb08                __preinit_array_start = .
 *(.preinit_array)
                0x0000fb08                __preinit_array_end = .
                0x0000fb08                . = ALIGN (0x4)
                0x0000fb08                __init_array_start = .
 *(SORT(.init_array.*))
 *(.init_array)
 .init_array    0x0000fb08        0x4 c:/nxp/mcuxpressoide_10.0.2_411/ide/tools/bin/../lib/gcc/arm-none-eabi/5.4.1/armv7-m\crtbegin.o
                0x0000fb0c                __init_array_end = .
 *(.fini)
 .fini          0x0000fb0c        0x4 c:/nxp/mcuxpressoide_10.0.2_411/ide/tools/bin/../lib/gcc/arm-none-eabi/5.4.1/armv7-m\crti.o
                0x0000fb0c                _fini
 .fini          0x0000fb10        0x8 c:/nxp/mcuxpressoide_10.0.2_411/ide/tools/bin/../lib/gcc/arm-none-eabi/5.4.1/armv7-m\crtn.o
                0x0000fb18                . = ALIGN (0x4)
 *crtbegin.o(.ctors)
 *(EXCLUDE_FILE(*crtend.o) .ctors)
 *(SORT(.ctors.*))
 *crtend.o(.ctors)
                0x0000fb18                . = ALIGN (0x4)
 *crtbegin.o(.dtors)
 *(EXCLUDE_FILE(*crtend.o) .dtors)
 *(SORT(.dtors.*))
 *crtend.o(.dtors)
                0x0000fb18                . = ALIGN (0x4)

.glue_7         0x0000fb18        0x0
 .glue_7        0x0000fb18        0x0 linker stubs

.glue_7t        0x0000fb18        0x0
 .glue_7t       0x0000fb18        0x0 linker stubs

.vfp11_veneer   0x0000fb18        0x0
 .vfp11_veneer  0x0000fb18        0x0 linker stubs

.v4_bx          0x0000fb18        0x0
 .v4_bx         0x0000fb18        0x0 linker stubs

.iplt           0x0000fb18        0x0
 .iplt          0x0000fb18        0x0 ./src/CAN.o

.rel.dyn        0x0000fb18        0x0
 .rel.iplt      0x0000fb18        0x0 ./src/CAN.o

.eh_frame       0x0000fb18        0x0
 .eh_frame      0x0000fb18        0x0 c:/nxp/mcuxpressoide_10.0.2_411/ide/tools/bin/../lib/gcc/arm-none-eabi/5.4.1/armv7-m\crtbegin.o

.ARM.extab
 *(.ARM.extab* .gnu.linkonce.armextab.*)
                0x0000fb18                __exidx_start = .

.ARM.exidx
 *(.ARM.exidx* .gnu.linkonce.armexidx.*)
                0x0000fb18                __exidx_end = .
                0x0000fb18                _etext = .

.data_RAM2      0x2007c000        0x0 load address 0x0000fb18
 FILL mask 0xff
                [!provide]                PROVIDE (__start_data_RAM2, .)
 *(.ramfunc.$RAM2)
 *(.ramfunc.$RamAHB32)
 *(.data.$RAM2*)
 *(.data.$RamAHB32*)
                0x2007c000                . = ALIGN (0x4)
                [!provide]                PROVIDE (__end_data_RAM2, .)

.uninit_RESERVED
                0x10000000        0x0
 *(.bss.$RESERVED*)
                0x10000000                . = ALIGN (0x4)
                0x10000000                _end_uninit_RESERVED = .

.data           0x10000000        0x0 load address 0x0000fb18
 FILL mask 0xff
                0x10000000                _data = .
 *(vtable)
 *(.ramfunc*)
 *(.data*)
                0x10000000                . = ALIGN (0x4)
                0x10000000                _edata = .

.igot.plt       0x10000000        0x0 load address 0x0000fb18
 .igot.plt      0x10000000        0x0 ./src/CAN.o

.jcr            0x10000000        0x0 load address 0x0000fb18
 .jcr           0x10000000        0x0 c:/nxp/mcuxpressoide_10.0.2_411/ide/tools/bin/../lib/gcc/arm-none-eabi/5.4.1/armv7-m\crtbegin.o

.bss_RAM2       0x2007c000        0x0
                [!provide]                PROVIDE (__start_bss_RAM2, .)
 *(.bss.$RAM2*)
 *(.bss.$RamAHB32*)
                0x2007c000                . = ALIGN ((. != 0x0)?0x4:0x1)
                [!provide]                PROVIDE (__end_bss_RAM2, .)

.bss            0x10000000       0x2c
                0x10000000                _bss = .
 *(.bss*)
 .bss.GPIO_DAT  0x10000000        0x4 ./src/DisP.o
                0x10000000                GPIO_DAT
 .bss.GPIO_DIR  0x10000004        0x4 ./src/DisP.o
                0x10000004                GPIO_DIR
 .bss.cmdOffset
                0x10000008        0x4 ./src/DisP.o
                0x10000008                cmdOffset
 .bss           0x1000000c       0x1c c:/nxp/mcuxpressoide_10.0.2_411/ide/tools/bin/../lib/gcc/arm-none-eabi/5.4.1/armv7-m\crtbegin.o
 *(COMMON)
 COMMON         0x10000028        0x4 C:\Users\Marc-Antoine\Desktop\Session_Automne_2019\516_Processeurs_Embarques\MCUXpresso\lpc_chip_175x_6x\Debug\liblpc_chip_175x_6x.a(chip_17xx_40xx.o)
                0x10000028                SystemCoreClock
                0x1000002c                . = ALIGN (0x4)
                0x1000002c                _ebss = .
                [!provide]                PROVIDE (end, .)

.noinit_RAM2    0x2007c000        0x0
 *(.noinit.$RAM2*)
 *(.noinit.$RamAHB32*)
                0x2007c000                . = ALIGN (0x4)

.noinit         0x1000002c        0x0
                0x1000002c                _noinit = .
 *(.noinit*)
                0x1000002c                . = ALIGN (0x4)
                0x1000002c                _end_noinit = .
                0x1000002c                PROVIDE (_pvHeapStart, DEFINED (__user_heap_base)?__user_heap_base:.)
                0x10008000                PROVIDE (_vStackTop, DEFINED (__user_stack_top)?__user_stack_top:(__top_RamLoc32 - 0x0))
                0xefff749e                PROVIDE (__valid_user_code_checksum, (0x0 - ((((((_vStackTop + (ResetISR + 0x1)) + (NMI_Handler + 0x1)) + (HardFault_Handler + 0x1)) + (DEFINED (MemManage_Handler)?MemManage_Handler:0x0 + 0x1)) + (DEFINED (BusFault_Handler)?BusFault_Handler:0x0 + 0x1)) + (DEFINED (UsageFault_Handler)?UsageFault_Handler:0x0 + 0x1))))
OUTPUT(DisP2.0.axf elf32-littlearm)

.debug_info     0x00000000    0x13435
 .debug_info    0x00000000     0x44c9 ./src/DisP.o
 .debug_info    0x000044c9     0x232a ./src/DisP2.0.o
 .debug_info    0x000067f3     0x1623 ./src/I2C.o
 .debug_info    0x00007e16     0x1d21 ./src/PinsConfig.o
 .debug_info    0x00009b37     0x1978 ./src/SPI.o
 .debug_info    0x0000b4af     0x1da9 ./src/Timers.o
 .debug_info    0x0000d258      0x25b ./src/cr_startup_lpc175x_6x.o
 .debug_info    0x0000d4b3       0x3f ./src/crp.o
 .debug_info    0x0000d4f2     0x26be ./src/interrupt.o
 .debug_info    0x0000fbb0      0x11f ./src/sysinit.o
 .debug_info    0x0000fccf     0x13d3 C:\Users\Marc-Antoine\Desktop\Session_Automne_2019\516_Processeurs_Embarques\MCUXpresso\lpc_board_nxp_lpcxpresso_1769\Debug\liblpc_board_nxp_lpcxpresso_1769.a(board.o)
 .debug_info    0x000110a2      0x51e C:\Users\Marc-Antoine\Desktop\Session_Automne_2019\516_Processeurs_Embarques\MCUXpresso\lpc_chip_175x_6x\Debug\liblpc_chip_175x_6x.a(chip_17xx_40xx.o)
 .debug_info    0x000115c0      0xb62 C:\Users\Marc-Antoine\Desktop\Session_Automne_2019\516_Processeurs_Embarques\MCUXpresso\lpc_chip_175x_6x\Debug\liblpc_chip_175x_6x.a(clock_17xx_40xx.o)
 .debug_info    0x00012122      0x439 C:\Users\Marc-Antoine\Desktop\Session_Automne_2019\516_Processeurs_Embarques\MCUXpresso\lpc_chip_175x_6x\Debug\liblpc_chip_175x_6x.a(sysinit_17xx_40xx.o)
 .debug_info    0x0001255b      0xeda C:\Users\Marc-Antoine\Desktop\Session_Automne_2019\516_Processeurs_Embarques\MCUXpresso\lpc_chip_175x_6x\Debug\liblpc_chip_175x_6x.a(uart_17xx_40xx.o)

.debug_abbrev   0x00000000     0x196c
 .debug_abbrev  0x00000000      0x2df ./src/DisP.o
 .debug_abbrev  0x000002df      0x153 ./src/DisP2.0.o
 .debug_abbrev  0x00000432      0x1d9 ./src/I2C.o
 .debug_abbrev  0x0000060b      0x10d ./src/PinsConfig.o
 .debug_abbrev  0x00000718      0x15b ./src/SPI.o
 .debug_abbrev  0x00000873      0x177 ./src/Timers.o
 .debug_abbrev  0x000009ea       0xef ./src/cr_startup_lpc175x_6x.o
 .debug_abbrev  0x00000ad9       0x36 ./src/crp.o
 .debug_abbrev  0x00000b0f      0x1bc ./src/interrupt.o
 .debug_abbrev  0x00000ccb       0xa3 ./src/sysinit.o
 .debug_abbrev  0x00000d6e      0x379 C:\Users\Marc-Antoine\Desktop\Session_Automne_2019\516_Processeurs_Embarques\MCUXpresso\lpc_board_nxp_lpcxpresso_1769\Debug\liblpc_board_nxp_lpcxpresso_1769.a(board.o)
 .debug_abbrev  0x000010e7      0x13c C:\Users\Marc-Antoine\Desktop\Session_Automne_2019\516_Processeurs_Embarques\MCUXpresso\lpc_chip_175x_6x\Debug\liblpc_chip_175x_6x.a(chip_17xx_40xx.o)
 .debug_abbrev  0x00001223      0x2ec C:\Users\Marc-Antoine\Desktop\Session_Automne_2019\516_Processeurs_Embarques\MCUXpresso\lpc_chip_175x_6x\Debug\liblpc_chip_175x_6x.a(clock_17xx_40xx.o)
 .debug_abbrev  0x0000150f      0x175 C:\Users\Marc-Antoine\Desktop\Session_Automne_2019\516_Processeurs_Embarques\MCUXpresso\lpc_chip_175x_6x\Debug\liblpc_chip_175x_6x.a(sysinit_17xx_40xx.o)
 .debug_abbrev  0x00001684      0x2e8 C:\Users\Marc-Antoine\Desktop\Session_Automne_2019\516_Processeurs_Embarques\MCUXpresso\lpc_chip_175x_6x\Debug\liblpc_chip_175x_6x.a(uart_17xx_40xx.o)

.debug_aranges  0x00000000      0xaa8
 .debug_aranges
                0x00000000      0x460 ./src/DisP.o
 .debug_aranges
                0x00000460       0x20 ./src/DisP2.0.o
 .debug_aranges
                0x00000480       0x60 ./src/I2C.o
 .debug_aranges
                0x000004e0       0x28 ./src/PinsConfig.o
 .debug_aranges
                0x00000508       0x28 ./src/SPI.o
 .debug_aranges
                0x00000530       0x40 ./src/Timers.o
 .debug_aranges
                0x00000570       0x80 ./src/cr_startup_lpc175x_6x.o
 .debug_aranges
                0x000005f0       0x18 ./src/crp.o
 .debug_aranges
                0x00000608       0x40 ./src/interrupt.o
 .debug_aranges
                0x00000648       0x20 ./src/sysinit.o
 .debug_aranges
                0x00000668      0x160 C:\Users\Marc-Antoine\Desktop\Session_Automne_2019\516_Processeurs_Embarques\MCUXpresso\lpc_board_nxp_lpcxpresso_1769\Debug\liblpc_board_nxp_lpcxpresso_1769.a(board.o)
 .debug_aranges
                0x000007c8       0x38 C:\Users\Marc-Antoine\Desktop\Session_Automne_2019\516_Processeurs_Embarques\MCUXpresso\lpc_chip_175x_6x\Debug\liblpc_chip_175x_6x.a(chip_17xx_40xx.o)
 .debug_aranges
                0x00000800      0x120 C:\Users\Marc-Antoine\Desktop\Session_Automne_2019\516_Processeurs_Embarques\MCUXpresso\lpc_chip_175x_6x\Debug\liblpc_chip_175x_6x.a(clock_17xx_40xx.o)
 .debug_aranges
                0x00000920       0x60 C:\Users\Marc-Antoine\Desktop\Session_Automne_2019\516_Processeurs_Embarques\MCUXpresso\lpc_chip_175x_6x\Debug\liblpc_chip_175x_6x.a(sysinit_17xx_40xx.o)
 .debug_aranges
                0x00000980      0x128 C:\Users\Marc-Antoine\Desktop\Session_Automne_2019\516_Processeurs_Embarques\MCUXpresso\lpc_chip_175x_6x\Debug\liblpc_chip_175x_6x.a(uart_17xx_40xx.o)

.debug_ranges   0x00000000      0x9c8
 .debug_ranges  0x00000000      0x450 ./src/DisP.o
 .debug_ranges  0x00000450       0x10 ./src/DisP2.0.o
 .debug_ranges  0x00000460       0x50 ./src/I2C.o
 .debug_ranges  0x000004b0       0x18 ./src/PinsConfig.o
 .debug_ranges  0x000004c8       0x30 ./src/SPI.o
 .debug_ranges  0x000004f8       0x30 ./src/Timers.o
 .debug_ranges  0x00000528       0x70 ./src/cr_startup_lpc175x_6x.o
 .debug_ranges  0x00000598       0x30 ./src/interrupt.o
 .debug_ranges  0x000005c8       0x10 ./src/sysinit.o
 .debug_ranges  0x000005d8      0x150 C:\Users\Marc-Antoine\Desktop\Session_Automne_2019\516_Processeurs_Embarques\MCUXpresso\lpc_board_nxp_lpcxpresso_1769\Debug\liblpc_board_nxp_lpcxpresso_1769.a(board.o)
 .debug_ranges  0x00000728       0x28 C:\Users\Marc-Antoine\Desktop\Session_Automne_2019\516_Processeurs_Embarques\MCUXpresso\lpc_chip_175x_6x\Debug\liblpc_chip_175x_6x.a(chip_17xx_40xx.o)
 .debug_ranges  0x00000750      0x110 C:\Users\Marc-Antoine\Desktop\Session_Automne_2019\516_Processeurs_Embarques\MCUXpresso\lpc_chip_175x_6x\Debug\liblpc_chip_175x_6x.a(clock_17xx_40xx.o)
 .debug_ranges  0x00000860       0x50 C:\Users\Marc-Antoine\Desktop\Session_Automne_2019\516_Processeurs_Embarques\MCUXpresso\lpc_chip_175x_6x\Debug\liblpc_chip_175x_6x.a(sysinit_17xx_40xx.o)
 .debug_ranges  0x000008b0      0x118 C:\Users\Marc-Antoine\Desktop\Session_Automne_2019\516_Processeurs_Embarques\MCUXpresso\lpc_chip_175x_6x\Debug\liblpc_chip_175x_6x.a(uart_17xx_40xx.o)

.debug_macro    0x00000000     0x4d0f
 .debug_macro   0x00000000      0x3f6 ./src/DisP.o
 .debug_macro   0x000003f6      0x3f8 ./src/DisP2.0.o
 .debug_macro   0x000007ee       0x7b ./src/DisP2.0.o
 .debug_macro   0x00000869       0x18 ./src/DisP2.0.o
 .debug_macro   0x00000881       0x76 ./src/DisP2.0.o
 .debug_macro   0x000008f7       0x46 ./src/DisP2.0.o
 .debug_macro   0x0000093d      0x3ad ./src/I2C.o
 .debug_macro   0x00000cea      0x3b7 ./src/PinsConfig.o
 .debug_macro   0x000010a1      0x3ad ./src/SPI.o
 .debug_macro   0x0000144e      0x3ad ./src/Timers.o
 .debug_macro   0x000017fb       0x1d ./src/cr_startup_lpc175x_6x.o
 .debug_macro   0x00001818       0x1a ./src/crp.o
 .debug_macro   0x00001832      0x898 ./src/crp.o
 .debug_macro   0x000020ca       0x34 ./src/crp.o
 .debug_macro   0x000020fe      0x3c3 ./src/interrupt.o
 .debug_macro   0x000024c1      0x1f4 ./src/sysinit.o
 .debug_macro   0x000026b5       0x87 ./src/sysinit.o
 .debug_macro   0x0000273c       0x22 ./src/sysinit.o
 .debug_macro   0x0000275e      0xbb1 ./src/sysinit.o
 .debug_macro   0x0000330f      0x289 C:\Users\Marc-Antoine\Desktop\Session_Automne_2019\516_Processeurs_Embarques\MCUXpresso\lpc_board_nxp_lpcxpresso_1769\Debug\liblpc_board_nxp_lpcxpresso_1769.a(board.o)
 .debug_macro   0x00003598      0x886 C:\Users\Marc-Antoine\Desktop\Session_Automne_2019\516_Processeurs_Embarques\MCUXpresso\lpc_board_nxp_lpcxpresso_1769\Debug\liblpc_board_nxp_lpcxpresso_1769.a(board.o)
 .debug_macro   0x00003e1e       0x10 C:\Users\Marc-Antoine\Desktop\Session_Automne_2019\516_Processeurs_Embarques\MCUXpresso\lpc_board_nxp_lpcxpresso_1769\Debug\liblpc_board_nxp_lpcxpresso_1769.a(board.o)
 .debug_macro   0x00003e2e      0x12d C:\Users\Marc-Antoine\Desktop\Session_Automne_2019\516_Processeurs_Embarques\MCUXpresso\lpc_board_nxp_lpcxpresso_1769\Debug\liblpc_board_nxp_lpcxpresso_1769.a(board.o)
 .debug_macro   0x00003f5b      0x5b2 C:\Users\Marc-Antoine\Desktop\Session_Automne_2019\516_Processeurs_Embarques\MCUXpresso\lpc_board_nxp_lpcxpresso_1769\Debug\liblpc_board_nxp_lpcxpresso_1769.a(board.o)
 .debug_macro   0x0000450d       0x22 C:\Users\Marc-Antoine\Desktop\Session_Automne_2019\516_Processeurs_Embarques\MCUXpresso\lpc_board_nxp_lpcxpresso_1769\Debug\liblpc_board_nxp_lpcxpresso_1769.a(board.o)
 .debug_macro   0x0000452f       0x9a C:\Users\Marc-Antoine\Desktop\Session_Automne_2019\516_Processeurs_Embarques\MCUXpresso\lpc_board_nxp_lpcxpresso_1769\Debug\liblpc_board_nxp_lpcxpresso_1769.a(board.o)
 .debug_macro   0x000045c9       0x12 C:\Users\Marc-Antoine\Desktop\Session_Automne_2019\516_Processeurs_Embarques\MCUXpresso\lpc_board_nxp_lpcxpresso_1769\Debug\liblpc_board_nxp_lpcxpresso_1769.a(board.o)
 .debug_macro   0x000045db      0x1cd C:\Users\Marc-Antoine\Desktop\Session_Automne_2019\516_Processeurs_Embarques\MCUXpresso\lpc_chip_175x_6x\Debug\liblpc_chip_175x_6x.a(chip_17xx_40xx.o)
 .debug_macro   0x000047a8      0x1cd C:\Users\Marc-Antoine\Desktop\Session_Automne_2019\516_Processeurs_Embarques\MCUXpresso\lpc_chip_175x_6x\Debug\liblpc_chip_175x_6x.a(clock_17xx_40xx.o)
 .debug_macro   0x00004975      0x1cd C:\Users\Marc-Antoine\Desktop\Session_Automne_2019\516_Processeurs_Embarques\MCUXpresso\lpc_chip_175x_6x\Debug\liblpc_chip_175x_6x.a(sysinit_17xx_40xx.o)
 .debug_macro   0x00004b42      0x1cd C:\Users\Marc-Antoine\Desktop\Session_Automne_2019\516_Processeurs_Embarques\MCUXpresso\lpc_chip_175x_6x\Debug\liblpc_chip_175x_6x.a(uart_17xx_40xx.o)

.debug_line     0x00000000     0x694e
 .debug_line    0x00000000     0x13ea ./src/DisP.o
 .debug_line    0x000013ea      0x7c5 ./src/DisP2.0.o
 .debug_line    0x00001baf      0x87e ./src/I2C.o
 .debug_line    0x0000242d      0x7a0 ./src/PinsConfig.o
 .debug_line    0x00002bcd      0x76f ./src/SPI.o
 .debug_line    0x0000333c      0x7ad ./src/Timers.o
 .debug_line    0x00003ae9       0xd4 ./src/cr_startup_lpc175x_6x.o
 .debug_line    0x00003bbd       0x7a ./src/crp.o
 .debug_line    0x00003c37      0x7b9 ./src/interrupt.o
 .debug_line    0x000043f0      0x4ee ./src/sysinit.o
 .debug_line    0x000048de      0x88a C:\Users\Marc-Antoine\Desktop\Session_Automne_2019\516_Processeurs_Embarques\MCUXpresso\lpc_board_nxp_lpcxpresso_1769\Debug\liblpc_board_nxp_lpcxpresso_1769.a(board.o)
 .debug_line    0x00005168      0x473 C:\Users\Marc-Antoine\Desktop\Session_Automne_2019\516_Processeurs_Embarques\MCUXpresso\lpc_chip_175x_6x\Debug\liblpc_chip_175x_6x.a(chip_17xx_40xx.o)
 .debug_line    0x000055db      0x6ef C:\Users\Marc-Antoine\Desktop\Session_Automne_2019\516_Processeurs_Embarques\MCUXpresso\lpc_chip_175x_6x\Debug\liblpc_chip_175x_6x.a(clock_17xx_40xx.o)
 .debug_line    0x00005cca      0x4e9 C:\Users\Marc-Antoine\Desktop\Session_Automne_2019\516_Processeurs_Embarques\MCUXpresso\lpc_chip_175x_6x\Debug\liblpc_chip_175x_6x.a(sysinit_17xx_40xx.o)
 .debug_line    0x000061b3      0x79b C:\Users\Marc-Antoine\Desktop\Session_Automne_2019\516_Processeurs_Embarques\MCUXpresso\lpc_chip_175x_6x\Debug\liblpc_chip_175x_6x.a(uart_17xx_40xx.o)

.debug_str      0x00000000    0x1d188
 .debug_str     0x00000000    0x1925c ./src/DisP.o
                              0x1a7b2 (size before relaxing)
 .debug_str     0x0001925c      0x13c ./src/DisP2.0.o
                              0x192ed (size before relaxing)
 .debug_str     0x00019398      0x1ee ./src/I2C.o
                              0x168c9 (size before relaxing)
 .debug_str     0x00019586       0x4d ./src/PinsConfig.o
                              0x17911 (size before relaxing)
 .debug_str     0x000195d3       0x79 ./src/SPI.o
                              0x1730c (size before relaxing)
 .debug_str     0x0001964c       0x8d ./src/Timers.o
                              0x1794a (size before relaxing)
 .debug_str     0x000196d9      0x1e2 ./src/cr_startup_lpc175x_6x.o
                               0x2757 (size before relaxing)
 .debug_str     0x000198bb      0x2bc ./src/crp.o
                               0x25f0 (size before relaxing)
 .debug_str     0x00019b77      0x1de ./src/interrupt.o
                              0x18587 (size before relaxing)
 .debug_str     0x00019d55       0x5d ./src/sysinit.o
                               0xfd36 (size before relaxing)
 .debug_str     0x00019db2     0x25e0 C:\Users\Marc-Antoine\Desktop\Session_Automne_2019\516_Processeurs_Embarques\MCUXpresso\lpc_board_nxp_lpcxpresso_1769\Debug\liblpc_board_nxp_lpcxpresso_1769.a(board.o)
                              0x118ae (size before relaxing)
 .debug_str     0x0001c392      0x1c2 C:\Users\Marc-Antoine\Desktop\Session_Automne_2019\516_Processeurs_Embarques\MCUXpresso\lpc_chip_175x_6x\Debug\liblpc_chip_175x_6x.a(chip_17xx_40xx.o)
                              0x10ae0 (size before relaxing)
 .debug_str     0x0001c554      0x7db C:\Users\Marc-Antoine\Desktop\Session_Automne_2019\516_Processeurs_Embarques\MCUXpresso\lpc_chip_175x_6x\Debug\liblpc_chip_175x_6x.a(clock_17xx_40xx.o)
                              0x1114e (size before relaxing)
 .debug_str     0x0001cd2f       0xc4 C:\Users\Marc-Antoine\Desktop\Session_Automne_2019\516_Processeurs_Embarques\MCUXpresso\lpc_chip_175x_6x\Debug\liblpc_chip_175x_6x.a(sysinit_17xx_40xx.o)
                              0x107b3 (size before relaxing)
 .debug_str     0x0001cdf3      0x395 C:\Users\Marc-Antoine\Desktop\Session_Automne_2019\516_Processeurs_Embarques\MCUXpresso\lpc_chip_175x_6x\Debug\liblpc_chip_175x_6x.a(uart_17xx_40xx.o)
                              0x11023 (size before relaxing)

.comment        0x00000000       0x6e
 .comment       0x00000000       0x6e ./src/DisP.o
                                 0x6f (size before relaxing)
 .comment       0x0000006e       0x6f ./src/DisP2.0.o
 .comment       0x0000006e       0x6f ./src/I2C.o
 .comment       0x0000006e       0x6f ./src/PinsConfig.o
 .comment       0x0000006e       0x6f ./src/SPI.o
 .comment       0x0000006e       0x6f ./src/Timers.o
 .comment       0x0000006e       0x6f ./src/cr_startup_lpc175x_6x.o
 .comment       0x0000006e       0x6f ./src/crp.o
 .comment       0x0000006e       0x6f ./src/interrupt.o
 .comment       0x0000006e       0x6f ./src/sysinit.o
 .comment       0x0000006e       0x6f C:\Users\Marc-Antoine\Desktop\Session_Automne_2019\516_Processeurs_Embarques\MCUXpresso\lpc_board_nxp_lpcxpresso_1769\Debug\liblpc_board_nxp_lpcxpresso_1769.a(board.o)
 .comment       0x0000006e       0x6f C:\Users\Marc-Antoine\Desktop\Session_Automne_2019\516_Processeurs_Embarques\MCUXpresso\lpc_chip_175x_6x\Debug\liblpc_chip_175x_6x.a(chip_17xx_40xx.o)
 .comment       0x0000006e       0x6f C:\Users\Marc-Antoine\Desktop\Session_Automne_2019\516_Processeurs_Embarques\MCUXpresso\lpc_chip_175x_6x\Debug\liblpc_chip_175x_6x.a(clock_17xx_40xx.o)
 .comment       0x0000006e       0x6f C:\Users\Marc-Antoine\Desktop\Session_Automne_2019\516_Processeurs_Embarques\MCUXpresso\lpc_chip_175x_6x\Debug\liblpc_chip_175x_6x.a(sysinit_17xx_40xx.o)
 .comment       0x0000006e       0x6f C:\Users\Marc-Antoine\Desktop\Session_Automne_2019\516_Processeurs_Embarques\MCUXpresso\lpc_chip_175x_6x\Debug\liblpc_chip_175x_6x.a(uart_17xx_40xx.o)

.ARM.attributes
                0x00000000       0x31
 .ARM.attributes
                0x00000000       0x33 ./src/DisP.o
 .ARM.attributes
                0x00000033       0x33 ./src/DisP2.0.o
 .ARM.attributes
                0x00000066       0x33 ./src/I2C.o
 .ARM.attributes
                0x00000099       0x33 ./src/PinsConfig.o
 .ARM.attributes
                0x000000cc       0x33 ./src/SPI.o
 .ARM.attributes
                0x000000ff       0x33 ./src/Timers.o
 .ARM.attributes
                0x00000132       0x33 ./src/cr_startup_lpc175x_6x.o
 .ARM.attributes
                0x00000165       0x33 ./src/crp.o
 .ARM.attributes
                0x00000198       0x33 ./src/interrupt.o
 .ARM.attributes
                0x000001cb       0x33 ./src/sysinit.o
 .ARM.attributes
                0x000001fe       0x33 C:\Users\Marc-Antoine\Desktop\Session_Automne_2019\516_Processeurs_Embarques\MCUXpresso\lpc_board_nxp_lpcxpresso_1769\Debug\liblpc_board_nxp_lpcxpresso_1769.a(board.o)
 .ARM.attributes
                0x00000231       0x33 C:\Users\Marc-Antoine\Desktop\Session_Automne_2019\516_Processeurs_Embarques\MCUXpresso\lpc_chip_175x_6x\Debug\liblpc_chip_175x_6x.a(chip_17xx_40xx.o)
 .ARM.attributes
                0x00000264       0x33 C:\Users\Marc-Antoine\Desktop\Session_Automne_2019\516_Processeurs_Embarques\MCUXpresso\lpc_chip_175x_6x\Debug\liblpc_chip_175x_6x.a(clock_17xx_40xx.o)
 .ARM.attributes
                0x00000297       0x33 C:\Users\Marc-Antoine\Desktop\Session_Automne_2019\516_Processeurs_Embarques\MCUXpresso\lpc_chip_175x_6x\Debug\liblpc_chip_175x_6x.a(sysinit_17xx_40xx.o)
 .ARM.attributes
                0x000002ca       0x33 C:\Users\Marc-Antoine\Desktop\Session_Automne_2019\516_Processeurs_Embarques\MCUXpresso\lpc_chip_175x_6x\Debug\liblpc_chip_175x_6x.a(uart_17xx_40xx.o)
 .ARM.attributes
                0x000002fd       0x2d c:/nxp/mcuxpressoide_10.0.2_411/ide/tools/bin/../lib/gcc/arm-none-eabi/5.4.1/../../../../arm-none-eabi/lib/armv7-m\libc.a(lib_a-init.o)
 .ARM.attributes
                0x0000032a       0x2d c:/nxp/mcuxpressoide_10.0.2_411/ide/tools/bin/../lib/gcc/arm-none-eabi/5.4.1/../../../../arm-none-eabi/lib/armv7-m\libc.a(lib_a-strlen-stub.o)
 .ARM.attributes
                0x00000357       0x1d c:/nxp/mcuxpressoide_10.0.2_411/ide/tools/bin/../lib/gcc/arm-none-eabi/5.4.1/armv7-m\crti.o
 .ARM.attributes
                0x00000374       0x1d c:/nxp/mcuxpressoide_10.0.2_411/ide/tools/bin/../lib/gcc/arm-none-eabi/5.4.1/armv7-m\crtn.o
 .ARM.attributes
                0x00000391       0x2d c:/nxp/mcuxpressoide_10.0.2_411/ide/tools/bin/../lib/gcc/arm-none-eabi/5.4.1/armv7-m\crtbegin.o

.debug_frame    0x00000000     0x2a7c
 .debug_frame   0x00000000     0x13b0 ./src/DisP.o
 .debug_frame   0x000013b0       0x30 ./src/DisP2.0.o
 .debug_frame   0x000013e0      0x148 ./src/I2C.o
 .debug_frame   0x00001528       0x54 ./src/PinsConfig.o
 .debug_frame   0x0000157c       0x58 ./src/SPI.o
 .debug_frame   0x000015d4       0xbc ./src/Timers.o
 .debug_frame   0x00001690      0x170 ./src/cr_startup_lpc175x_6x.o
 .debug_frame   0x00001800       0xac ./src/interrupt.o
 .debug_frame   0x000018ac       0x34 ./src/sysinit.o
 .debug_frame   0x000018e0      0x5d4 C:\Users\Marc-Antoine\Desktop\Session_Automne_2019\516_Processeurs_Embarques\MCUXpresso\lpc_board_nxp_lpcxpresso_1769\Debug\liblpc_board_nxp_lpcxpresso_1769.a(board.o)
 .debug_frame   0x00001eb4       0x88 C:\Users\Marc-Antoine\Desktop\Session_Automne_2019\516_Processeurs_Embarques\MCUXpresso\lpc_chip_175x_6x\Debug\liblpc_chip_175x_6x.a(chip_17xx_40xx.o)
 .debug_frame   0x00001f3c      0x490 C:\Users\Marc-Antoine\Desktop\Session_Automne_2019\516_Processeurs_Embarques\MCUXpresso\lpc_chip_175x_6x\Debug\liblpc_chip_175x_6x.a(clock_17xx_40xx.o)
 .debug_frame   0x000023cc      0x12c C:\Users\Marc-Antoine\Desktop\Session_Automne_2019\516_Processeurs_Embarques\MCUXpresso\lpc_chip_175x_6x\Debug\liblpc_chip_175x_6x.a(sysinit_17xx_40xx.o)
 .debug_frame   0x000024f8      0x538 C:\Users\Marc-Antoine\Desktop\Session_Automne_2019\516_Processeurs_Embarques\MCUXpresso\lpc_chip_175x_6x\Debug\liblpc_chip_175x_6x.a(uart_17xx_40xx.o)
 .debug_frame   0x00002a30       0x2c c:/nxp/mcuxpressoide_10.0.2_411/ide/tools/bin/../lib/gcc/arm-none-eabi/5.4.1/../../../../arm-none-eabi/lib/armv7-m\libc.a(lib_a-init.o)
 .debug_frame   0x00002a5c       0x20 c:/nxp/mcuxpressoide_10.0.2_411/ide/tools/bin/../lib/gcc/arm-none-eabi/5.4.1/../../../../arm-none-eabi/lib/armv7-m\libc.a(lib_a-strlen-stub.o)
